// Jest Snapshot v1, https://goo.gl/fbAQLP

exports[`Should render LoginPage correctly 1`] = `
<div>
  <p>
    Welcome
  </p>
  <button>
    Log in
  </button>
</div>
`;
